testtest2021/10/02 17:18:41 main.go:17: test
